<?xml version="1.0" encoding="utf-8"?>
<TestRun id="8b0fe0b3-93f9-4d49-bb6b-217fb0f50da8" name="gfoidl@GFOIDL-PC-2018 2019-04-18 18:24:25:010" runUser="GFOIDL-PC-2018\gfoidl" xmlns="http://microsoft.com/schemas/VisualStudio/TeamTest/2010">
  <Times creation="2019-04-18T18:24:25.0195569+02:00" queuing="2019-04-18T18:24:25.0195569+02:00" start="2019-04-18T18:24:22.5527071+02:00" finish="2019-04-18T18:24:25.0351433+02:00" />
  <TestSettings name="default" id="7ca76c3a-106e-4018-a273-8f04d41da4e1">
    <Deployment runDeploymentRoot="gfoidl_GFOIDL-PC-2018_2019-04-18_18_24_25_010" />
  </TestSettings>
  <Results>
    <UnitTestResult executionId="af46d02b-bb1f-469c-ac47-a42dee2db394" testId="64cef5f2-ef71-a37c-f9df-3f03d7849295" testName="XUnitSample.DataDriven.Two_pass_one_fails(arg: 0)" computerName="GFOIDL-PC-2018" duration="00:00:00.0010000" startTime="2019-04-18T18:24:24.9035834+02:00" endTime="2019-04-18T18:24:24.9035834+02:00" testType="13cdc9d9-ddb5-4fa4-a97d-d965ccfc6d4b" outcome="Passed" testListId="8c84fa94-04c1-424b-9868-57a2d4851a1d" relativeResultsDirectory="af46d02b-bb1f-469c-ac47-a42dee2db394" />
    <UnitTestResult executionId="bb2de31e-d978-446a-b43c-e6418abae839" testId="e73bdfc4-d932-676a-10b0-66bc277da6a8" testName="XUnitSample.DataDriven.Two_pass_one_fails(arg: 2)" computerName="GFOIDL-PC-2018" duration="00:00:00.0020000" startTime="2019-04-18T18:24:24.9035394+02:00" endTime="2019-04-18T18:24:24.9035394+02:00" testType="13cdc9d9-ddb5-4fa4-a97d-d965ccfc6d4b" outcome="Passed" testListId="8c84fa94-04c1-424b-9868-57a2d4851a1d" relativeResultsDirectory="bb2de31e-d978-446a-b43c-e6418abae839" />
    <UnitTestResult executionId="17fb6c16-a755-4cd4-b597-25f95b78ed75" testId="5ae19c2c-bf9f-b890-d75d-5c6348c55337" testName="XUnitSample.DataDriven.Two_pass_one_fails(arg: 1)" computerName="GFOIDL-PC-2018" duration="00:00:00.0010000" startTime="2019-04-18T18:24:24.9034890+02:00" endTime="2019-04-18T18:24:24.9034894+02:00" testType="13cdc9d9-ddb5-4fa4-a97d-d965ccfc6d4b" outcome="Failed" testListId="8c84fa94-04c1-424b-9868-57a2d4851a1d" relativeResultsDirectory="17fb6c16-a755-4cd4-b597-25f95b78ed75">
      <Output>
        <ErrorInfo>
          <Message>Failing for demo purposes&#xD;
Expected: True&#xD;
Actual:   False</Message>
          <StackTrace>   at XUnitSample.DataDriven.Two_pass_one_fails(Int32 arg) in D:\Work-Git\github\Mini\trx2junit\samples\XUnitSample\DataDriven.cs:line 17</StackTrace>
        </ErrorInfo>
      </Output>
    </UnitTestResult>
    <UnitTestResult executionId="fea82688-b00a-4962-a87a-716691cb7218" testId="932cdb9b-c6e1-1aa1-ab25-7b1cf6c0a872" testName="XUnitSample.DataDriven.Failing_test" computerName="GFOIDL-PC-2018" duration="00:00:00.0030000" startTime="2019-04-18T18:24:24.9027776+02:00" endTime="2019-04-18T18:24:24.9027779+02:00" testType="13cdc9d9-ddb5-4fa4-a97d-d965ccfc6d4b" outcome="Failed" testListId="8c84fa94-04c1-424b-9868-57a2d4851a1d" relativeResultsDirectory="fea82688-b00a-4962-a87a-716691cb7218">
      <Output>
        <ErrorInfo>
          <Message>Failing for demo purposes&#xD;
Expected: True&#xD;
Actual:   False</Message>
          <StackTrace>   at XUnitSample.DataDriven.Failing_test() in D:\Work-Git\github\Mini\trx2junit\samples\XUnitSample\DataDriven.cs:line 26</StackTrace>
        </ErrorInfo>
      </Output>
    </UnitTestResult>
    <UnitTestResult executionId="21534ce9-b4be-4e6b-817f-563f14c8bc32" testId="ef17caa0-0b32-c82d-88c3-ad7c5b73824f" testName="XUnitSample.DataDriven.Slow_test" computerName="GFOIDL-PC-2018" duration="00:00:01.0070000" startTime="2019-04-18T18:24:24.8719295+02:00" endTime="2019-04-18T18:24:24.8719332+02:00" testType="13cdc9d9-ddb5-4fa4-a97d-d965ccfc6d4b" outcome="Passed" testListId="8c84fa94-04c1-424b-9868-57a2d4851a1d" relativeResultsDirectory="21534ce9-b4be-4e6b-817f-563f14c8bc32" />
  </Results>
  <TestDefinitions>
    <UnitTest name="XUnitSample.DataDriven.Two_pass_one_fails(arg: 0)" storage="d:\work-git\github\mini\trx2junit\samples\xunitsample\bin\debug\netcoreapp2.1\xunitsample.dll" id="64cef5f2-ef71-a37c-f9df-3f03d7849295">
      <Execution id="af46d02b-bb1f-469c-ac47-a42dee2db394" />
      <TestMethod codeBase="D:\Work-Git\github\Mini\trx2junit\samples\XUnitSample\bin\Debug\netcoreapp2.1\XUnitSample.dll" adapterTypeName="executor://xunit/VsTestRunner2/netcoreapp" className="XUnitSample.DataDriven" name="Two_pass_one_fails" />
    </UnitTest>
    <UnitTest name="XUnitSample.DataDriven.Two_pass_one_fails(arg: 2)" storage="d:\work-git\github\mini\trx2junit\samples\xunitsample\bin\debug\netcoreapp2.1\xunitsample.dll" id="e73bdfc4-d932-676a-10b0-66bc277da6a8">
      <Execution id="bb2de31e-d978-446a-b43c-e6418abae839" />
      <TestMethod codeBase="D:\Work-Git\github\Mini\trx2junit\samples\XUnitSample\bin\Debug\netcoreapp2.1\XUnitSample.dll" adapterTypeName="executor://xunit/VsTestRunner2/netcoreapp" className="XUnitSample.DataDriven" name="Two_pass_one_fails" />
    </UnitTest>
    <UnitTest name="XUnitSample.DataDriven.Failing_test" storage="d:\work-git\github\mini\trx2junit\samples\xunitsample\bin\debug\netcoreapp2.1\xunitsample.dll" id="932cdb9b-c6e1-1aa1-ab25-7b1cf6c0a872">
      <Execution id="fea82688-b00a-4962-a87a-716691cb7218" />
      <TestMethod codeBase="D:\Work-Git\github\Mini\trx2junit\samples\XUnitSample\bin\Debug\netcoreapp2.1\XUnitSample.dll" adapterTypeName="executor://xunit/VsTestRunner2/netcoreapp" className="XUnitSample.DataDriven" name="Failing_test" />
    </UnitTest>
    <UnitTest name="XUnitSample.DataDriven.Two_pass_one_fails(arg: 1)" storage="d:\work-git\github\mini\trx2junit\samples\xunitsample\bin\debug\netcoreapp2.1\xunitsample.dll" id="5ae19c2c-bf9f-b890-d75d-5c6348c55337">
      <Execution id="17fb6c16-a755-4cd4-b597-25f95b78ed75" />
      <TestMethod codeBase="D:\Work-Git\github\Mini\trx2junit\samples\XUnitSample\bin\Debug\netcoreapp2.1\XUnitSample.dll" adapterTypeName="executor://xunit/VsTestRunner2/netcoreapp" className="XUnitSample.DataDriven" name="Two_pass_one_fails" />
    </UnitTest>
    <UnitTest name="XUnitSample.DataDriven.Slow_test" storage="d:\work-git\github\mini\trx2junit\samples\xunitsample\bin\debug\netcoreapp2.1\xunitsample.dll" id="ef17caa0-0b32-c82d-88c3-ad7c5b73824f">
      <Execution id="21534ce9-b4be-4e6b-817f-563f14c8bc32" />
      <TestMethod codeBase="D:\Work-Git\github\Mini\trx2junit\samples\XUnitSample\bin\Debug\netcoreapp2.1\XUnitSample.dll" adapterTypeName="executor://xunit/VsTestRunner2/netcoreapp" className="XUnitSample.DataDriven" name="Slow_test" />
    </UnitTest>
  </TestDefinitions>
  <TestEntries>
    <TestEntry testId="64cef5f2-ef71-a37c-f9df-3f03d7849295" executionId="af46d02b-bb1f-469c-ac47-a42dee2db394" testListId="8c84fa94-04c1-424b-9868-57a2d4851a1d" />
    <TestEntry testId="e73bdfc4-d932-676a-10b0-66bc277da6a8" executionId="bb2de31e-d978-446a-b43c-e6418abae839" testListId="8c84fa94-04c1-424b-9868-57a2d4851a1d" />
    <TestEntry testId="5ae19c2c-bf9f-b890-d75d-5c6348c55337" executionId="17fb6c16-a755-4cd4-b597-25f95b78ed75" testListId="8c84fa94-04c1-424b-9868-57a2d4851a1d" />
    <TestEntry testId="932cdb9b-c6e1-1aa1-ab25-7b1cf6c0a872" executionId="fea82688-b00a-4962-a87a-716691cb7218" testListId="8c84fa94-04c1-424b-9868-57a2d4851a1d" />
    <TestEntry testId="ef17caa0-0b32-c82d-88c3-ad7c5b73824f" executionId="21534ce9-b4be-4e6b-817f-563f14c8bc32" testListId="8c84fa94-04c1-424b-9868-57a2d4851a1d" />
  </TestEntries>
  <TestLists>
    <TestList name="Results Not in a List" id="8c84fa94-04c1-424b-9868-57a2d4851a1d" />
    <TestList name="All Loaded Results" id="19431567-8539-422a-85d7-44ee4e166bda" />
  </TestLists>
  <ResultSummary outcome="Failed">
    <Counters total="5" executed="5" passed="3" failed="2" error="0" timeout="0" aborted="0" inconclusive="0" passedButRunAborted="0" notRunnable="0" notExecuted="0" disconnected="0" warning="0" completed="0" inProgress="0" pending="0" />
    <Output>
      <StdOut>[xUnit.net 00:00:00.00] xUnit.net VSTest Adapter v2.4.0 (64-bit .NET Core 4.6.27317.03)[xUnit.net 00:00:00.42]   Discovering: XUnitSample[xUnit.net 00:00:00.50]   Discovered:  XUnitSample[xUnit.net 00:00:00.51]   Starting:    XUnitSample[xUnit.net 00:00:01.67]       Failing for demo purposes[xUnit.net 00:00:01.67]       Expected: True[xUnit.net 00:00:01.67]       Actual:   False[xUnit.net 00:00:01.67]       Stack Trace:[xUnit.net 00:00:01.67]         D:\Work-Git\github\Mini\trx2junit\samples\XUnitSample\DataDriven.cs(26,0): at XUnitSample.DataDriven.Failing_test()[xUnit.net 00:00:01.67]       Failing for demo purposes[xUnit.net 00:00:01.67]       Expected: True[xUnit.net 00:00:01.67]       Actual:   False[xUnit.net 00:00:01.67]       Stack Trace:[xUnit.net 00:00:01.67]         D:\Work-Git\github\Mini\trx2junit\samples\XUnitSample\DataDriven.cs(17,0): at XUnitSample.DataDriven.Two_pass_one_fails(Int32 arg)[xUnit.net 00:00:01.68]   Finished:    XUnitSample</StdOut>
    </Output>
    <RunInfos>
      <RunInfo computerName="GFOIDL-PC-2018" outcome="Error" timestamp="2019-04-18T18:24:24.8985477+02:00">
        <Text>[xUnit.net 00:00:01.67]     XUnitSample.DataDriven.Failing_test [FAIL]</Text>
      </RunInfo>
      <RunInfo computerName="GFOIDL-PC-2018" outcome="Error" timestamp="2019-04-18T18:24:24.9033027+02:00">
        <Text>[xUnit.net 00:00:01.67]     XUnitSample.DataDriven.Two_pass_one_fails(arg: 1) [FAIL]</Text>
      </RunInfo>
    </RunInfos>
  </ResultSummary>
</TestRun>
