<?xml version="1.0" encoding="utf-8"?>
<TestRun id="375df608-719c-455c-8bb8-d1232b41b552" name="gfoidl@GFOIDL-PC-2018 2019-04-18 18:28:21:305" runUser="GFOIDL-PC-2018\gfoidl" xmlns="http://microsoft.com/schemas/VisualStudio/TeamTest/2010">
  <Times creation="2019-04-18T18:28:21.3140535+02:00" queuing="2019-04-18T18:28:21.3140535+02:00" start="2019-04-18T18:28:19.2012476+02:00" finish="2019-04-18T18:28:21.3291225+02:00" />
  <TestSettings name="default" id="4a973b45-90af-4eb1-b22d-404b3336d35a">
    <Deployment runDeploymentRoot="gfoidl_GFOIDL-PC-2018_2019-04-18_18_28_21_305" />
  </TestSettings>
  <Results>
    <UnitTestResult executionId="391a49ae-b809-40d5-beac-7c586b564e50" testId="c242437e-9509-044f-a4fa-4671fc31fe32" testName="Failing_test" computerName="GFOIDL-PC-2018" duration="00:00:00.0550000" startTime="2019-04-18T18:28:20.0000000+02:00" endTime="2019-04-18T18:28:20.0000000+02:00" testType="13cdc9d9-ddb5-4fa4-a97d-d965ccfc6d4b" outcome="Failed" testListId="8c84fa94-04c1-424b-9868-57a2d4851a1d" relativeResultsDirectory="391a49ae-b809-40d5-beac-7c586b564e50">
      <Output>
        <ErrorInfo>
          <Message>Failing for demo purposes</Message>
          <StackTrace>   at NUnitSample.DataDriven.Failing_test() in D:\Work-Git\github\Mini\trx2junit\samples\NUnitSample\DataDriven.cs:line 27&#xD;
</StackTrace>
        </ErrorInfo>
      </Output>
    </UnitTestResult>
    <UnitTestResult executionId="4e8c23a4-6229-4362-b1c7-555af7c4f053" testId="6127a87d-9df7-610b-34ed-6c130d5c58a5" testName="Two_pass_one_fails(2)" computerName="GFOIDL-PC-2018" duration="00:00:00.0010000" startTime="2019-04-18T18:28:21.0000000+02:00" endTime="2019-04-18T18:28:21.0000000+02:00" testType="13cdc9d9-ddb5-4fa4-a97d-d965ccfc6d4b" outcome="Passed" testListId="8c84fa94-04c1-424b-9868-57a2d4851a1d" relativeResultsDirectory="4e8c23a4-6229-4362-b1c7-555af7c4f053" />
    <UnitTestResult executionId="2a7ae7d1-08fa-46f8-ba6e-c638e157cfa4" testId="d78cb6ab-bd6a-38fe-a1c4-6d2b41046edd" testName="Two_pass_one_fails(0)" computerName="GFOIDL-PC-2018" duration="00:00:00.0010000" startTime="2019-04-18T18:28:21.0000000+02:00" endTime="2019-04-18T18:28:21.0000000+02:00" testType="13cdc9d9-ddb5-4fa4-a97d-d965ccfc6d4b" outcome="Passed" testListId="8c84fa94-04c1-424b-9868-57a2d4851a1d" relativeResultsDirectory="2a7ae7d1-08fa-46f8-ba6e-c638e157cfa4" />
    <UnitTestResult executionId="83a798a2-b63a-400b-88a3-ab6b3051b980" testId="bea9a224-b89c-f42e-1ef9-ae95ca6feb4b" testName="Slow_test" computerName="GFOIDL-PC-2018" duration="00:00:01.0020000" startTime="2019-04-18T18:28:20.0000000+02:00" endTime="2019-04-18T18:28:21.0000000+02:00" testType="13cdc9d9-ddb5-4fa4-a97d-d965ccfc6d4b" outcome="Passed" testListId="8c84fa94-04c1-424b-9868-57a2d4851a1d" relativeResultsDirectory="83a798a2-b63a-400b-88a3-ab6b3051b980" />
    <UnitTestResult executionId="fce18293-cf36-415a-9ac1-4f778b439b3d" testId="4ab809ed-d1dd-4959-feb3-82dd63da5cf7" testName="Two_pass_one_fails(1)" computerName="GFOIDL-PC-2018" duration="00:00:00.0030000" startTime="2019-04-18T18:28:21.0000000+02:00" endTime="2019-04-18T18:28:21.0000000+02:00" testType="13cdc9d9-ddb5-4fa4-a97d-d965ccfc6d4b" outcome="Failed" testListId="8c84fa94-04c1-424b-9868-57a2d4851a1d" relativeResultsDirectory="fce18293-cf36-415a-9ac1-4f778b439b3d">
      <Output>
        <ErrorInfo>
          <Message>Failing for demo purposes</Message>
          <StackTrace>   at NUnitSample.DataDriven.Two_pass_one_fails(Int32 arg) in D:\Work-Git\github\Mini\trx2junit\samples\NUnitSample\DataDriven.cs:line 18&#xD;
</StackTrace>
        </ErrorInfo>
      </Output>
    </UnitTestResult>
  </Results>
  <TestDefinitions>
    <UnitTest name="Two_pass_one_fails(2)" storage="d:\work-git\github\mini\trx2junit\samples\nunitsample\bin\debug\netcoreapp2.1\nunitsample.dll" id="6127a87d-9df7-610b-34ed-6c130d5c58a5">
      <Execution id="4e8c23a4-6229-4362-b1c7-555af7c4f053" />
      <TestMethod codeBase="D:\Work-Git\github\Mini\trx2junit\samples\NUnitSample\bin\Debug\netcoreapp2.1\NUnitSample.dll" adapterTypeName="executor://nunit3testexecutor/" className="NUnitSample.DataDriven" name="Two_pass_one_fails(2)" />
    </UnitTest>
    <UnitTest name="Failing_test" storage="d:\work-git\github\mini\trx2junit\samples\nunitsample\bin\debug\netcoreapp2.1\nunitsample.dll" id="c242437e-9509-044f-a4fa-4671fc31fe32">
      <Execution id="391a49ae-b809-40d5-beac-7c586b564e50" />
      <TestMethod codeBase="D:\Work-Git\github\Mini\trx2junit\samples\NUnitSample\bin\Debug\netcoreapp2.1\NUnitSample.dll" adapterTypeName="executor://nunit3testexecutor/" className="NUnitSample.DataDriven" name="Failing_test" />
    </UnitTest>
    <UnitTest name="Slow_test" storage="d:\work-git\github\mini\trx2junit\samples\nunitsample\bin\debug\netcoreapp2.1\nunitsample.dll" id="bea9a224-b89c-f42e-1ef9-ae95ca6feb4b">
      <Execution id="83a798a2-b63a-400b-88a3-ab6b3051b980" />
      <TestMethod codeBase="D:\Work-Git\github\Mini\trx2junit\samples\NUnitSample\bin\Debug\netcoreapp2.1\NUnitSample.dll" adapterTypeName="executor://nunit3testexecutor/" className="NUnitSample.DataDriven" name="Slow_test" />
    </UnitTest>
    <UnitTest name="Two_pass_one_fails(1)" storage="d:\work-git\github\mini\trx2junit\samples\nunitsample\bin\debug\netcoreapp2.1\nunitsample.dll" id="4ab809ed-d1dd-4959-feb3-82dd63da5cf7">
      <Execution id="fce18293-cf36-415a-9ac1-4f778b439b3d" />
      <TestMethod codeBase="D:\Work-Git\github\Mini\trx2junit\samples\NUnitSample\bin\Debug\netcoreapp2.1\NUnitSample.dll" adapterTypeName="executor://nunit3testexecutor/" className="NUnitSample.DataDriven" name="Two_pass_one_fails(1)" />
    </UnitTest>
    <UnitTest name="Two_pass_one_fails(0)" storage="d:\work-git\github\mini\trx2junit\samples\nunitsample\bin\debug\netcoreapp2.1\nunitsample.dll" id="d78cb6ab-bd6a-38fe-a1c4-6d2b41046edd">
      <Execution id="2a7ae7d1-08fa-46f8-ba6e-c638e157cfa4" />
      <TestMethod codeBase="D:\Work-Git\github\Mini\trx2junit\samples\NUnitSample\bin\Debug\netcoreapp2.1\NUnitSample.dll" adapterTypeName="executor://nunit3testexecutor/" className="NUnitSample.DataDriven" name="Two_pass_one_fails(0)" />
    </UnitTest>
  </TestDefinitions>
  <TestEntries>
    <TestEntry testId="c242437e-9509-044f-a4fa-4671fc31fe32" executionId="391a49ae-b809-40d5-beac-7c586b564e50" testListId="8c84fa94-04c1-424b-9868-57a2d4851a1d" />
    <TestEntry testId="6127a87d-9df7-610b-34ed-6c130d5c58a5" executionId="4e8c23a4-6229-4362-b1c7-555af7c4f053" testListId="8c84fa94-04c1-424b-9868-57a2d4851a1d" />
    <TestEntry testId="d78cb6ab-bd6a-38fe-a1c4-6d2b41046edd" executionId="2a7ae7d1-08fa-46f8-ba6e-c638e157cfa4" testListId="8c84fa94-04c1-424b-9868-57a2d4851a1d" />
    <TestEntry testId="bea9a224-b89c-f42e-1ef9-ae95ca6feb4b" executionId="83a798a2-b63a-400b-88a3-ab6b3051b980" testListId="8c84fa94-04c1-424b-9868-57a2d4851a1d" />
    <TestEntry testId="4ab809ed-d1dd-4959-feb3-82dd63da5cf7" executionId="fce18293-cf36-415a-9ac1-4f778b439b3d" testListId="8c84fa94-04c1-424b-9868-57a2d4851a1d" />
  </TestEntries>
  <TestLists>
    <TestList name="Results Not in a List" id="8c84fa94-04c1-424b-9868-57a2d4851a1d" />
    <TestList name="All Loaded Results" id="19431567-8539-422a-85d7-44ee4e166bda" />
  </TestLists>
  <ResultSummary outcome="Failed">
    <Counters total="5" executed="5" passed="3" failed="2" error="0" timeout="0" aborted="0" inconclusive="0" passedButRunAborted="0" notRunnable="0" notExecuted="0" disconnected="0" warning="0" completed="0" inProgress="0" pending="0" />
    <Output>
      <StdOut>NUnit Adapter 3.10.0.21: Test execution startedRunning all tests in D:\Work-Git\github\Mini\trx2junit\samples\NUnitSample\bin\Debug\netcoreapp2.1\NUnitSample.dllNUnit3TestExecutor converted 5 of 5 NUnit test casesNUnit Adapter 3.10.0.21: Test execution complete</StdOut>
    </Output>
  </ResultSummary>
</TestRun>